// Jest Snapshot v1, https://goo.gl/fbAQLP

exports[`<App /> matches snapshot 1`] = `
<Fragment>
  <Provider
    store={
      Object {
        "dispatch": [Function],
        "getState": [Function],
        "replaceReducer": [Function],
        "subscribe": [Function],
        Symbol(observable): [Function],
      }
    }
  >
    <StatusBar
      animated={false}
      barStyle="dark-content"
      showHideTransition="fade"
    />
    <ForwardRef(SafeAreaView)>
      <ScrollView
        contentInsetAdjustmentBehavior="automatic"
        style={
          Object {
            "backgroundColor": "#F3F3F3",
          }
        }
      >
        <View
          style={
            Object {
              "alignItems": "center",
              "display": "flex",
              "justifyContent": "center",
            }
          }
        >
          <Text
            style={
              Object {
                "fontSize": 30,
              }
            }
            testID="title"
          >
            Recipies
          </Text>
        </View>
      </ScrollView>
    </ForwardRef(SafeAreaView)>
  </Provider>
</Fragment>
`;

exports[`<RecipeList /> should match snapshot 1`] = `
<View
  testID="recipe-list"
/>
`;
